This is pdfTeX, Version 3.141592653-2.6-1.40.27 (TeX Live 2025/Homebrew) (preloaded format=pdflatex 2025.3.15)  29 APR 2026 08:42
entering extended mode
 restricted \write18 enabled.
 file:line:error style messages enabled.
 %&-line parsing enabled.
**manual_51.tex
(./manual_51.tex
LaTeX2e <2024-11-01> patch level 2
L3 programming layer <2025-01-18>

(/opt/homebrew/Cellar/texlive/20250308_1/share/texmf-dist/tex/latex/base/report
.cls
Document Class: report 2024/06/29 v1.4n Standard LaTeX document class

(/opt/homebrew/Cellar/texlive/20250308_1/share/texmf-dist/tex/latex/base/size12
.clo
File: size12.clo 2024/06/29 v1.4n Standard LaTeX file (size option)
)
\c@part=\count196
\c@chapter=\count197
\c@section=\count198
\c@subsection=\count199
\c@subsubsection=\count266
\c@paragraph=\count267
\c@subparagraph=\count268
\c@figure=\count269
\c@table=\count270
\abovecaptionskip=\skip49
\belowcaptionskip=\skip50
\bibindent=\dimen141
)
(/opt/homebrew/Cellar/texlive/20250308_1/share/texmf-dist/tex/latex/amsmath/ams
math.sty
Package: amsmath 2024/11/05 v2.17t AMS math features
\@mathmargin=\skip51

For additional information on amsmath, use the `?' option.

(/opt/homebrew/Cellar/texlive/20250308_1/share/texmf-dist/tex/latex/amsmath/ams
text.sty
Package: amstext 2021/08/26 v2.01 AMS text

(/opt/homebrew/Cellar/texlive/20250308_1/share/texmf-dist/tex/latex/amsmath/ams
gen.sty
File: amsgen.sty 1999/11/30 v2.0 generic functions
\@emptytoks=\toks17
\ex@=\dimen142
))
(/opt/homebrew/Cellar/texlive/20250308_1/share/texmf-dist/tex/latex/amsmath/ams
bsy.sty
Package: amsbsy 1999/11/29 v1.2d Bold Symbols
\pmbraise@=\dimen143
)
(/opt/homebrew/Cellar/texlive/20250308_1/share/texmf-dist/tex/latex/amsmath/ams
opn.sty
Package: amsopn 2022/04/08 v2.04 operator names
)
\inf@bad=\count271
LaTeX Info: Redefining \frac on input line 233.
\uproot@=\count272
\leftroot@=\count273
LaTeX Info: Redefining \overline on input line 398.
LaTeX Info: Redefining \colon on input line 409.
\classnum@=\count274
\DOTSCASE@=\count275
LaTeX Info: Redefining \ldots on input line 495.
LaTeX Info: Redefining \dots on input line 498.
LaTeX Info: Redefining \cdots on input line 619.
\Mathstrutbox@=\box52
\strutbox@=\box53
LaTeX Info: Redefining \big on input line 721.
LaTeX Info: Redefining \Big on input line 722.
LaTeX Info: Redefining \bigg on input line 723.
LaTeX Info: Redefining \Bigg on input line 724.
\big@size=\dimen144
LaTeX Font Info:    Redeclaring font encoding OML on input line 742.
LaTeX Font Info:    Redeclaring font encoding OMS on input line 743.
\macc@depth=\count276
LaTeX Info: Redefining \bmod on input line 904.
LaTeX Info: Redefining \pmod on input line 909.
LaTeX Info: Redefining \smash on input line 939.
LaTeX Info: Redefining \relbar on input line 969.
LaTeX Info: Redefining \Relbar on input line 970.
\c@MaxMatrixCols=\count277
\dotsspace@=\muskip17
\c@parentequation=\count278
\dspbrk@lvl=\count279
\tag@help=\toks18
\row@=\count280
\column@=\count281
\maxfields@=\count282
\andhelp@=\toks19
\eqnshift@=\dimen145
\alignsep@=\dimen146
\tagshift@=\dimen147
\tagwidth@=\dimen148
\totwidth@=\dimen149
\lineht@=\dimen150
\@envbody=\toks20
\multlinegap=\skip52
\multlinetaggap=\skip53
\mathdisplay@stack=\toks21
LaTeX Info: Redefining \[ on input line 2953.
LaTeX Info: Redefining \] on input line 2954.
)
(/opt/homebrew/Cellar/texlive/20250308_1/share/texmf-dist/tex/latex/amsfonts/am
sfonts.sty
Package: amsfonts 2013/01/14 v3.01 Basic AMSFonts support
\symAMSa=\mathgroup4
\symAMSb=\mathgroup5
LaTeX Font Info:    Redeclaring math symbol \hbar on input line 98.
LaTeX Font Info:    Overwriting math alphabet `\mathfrak' in version `bold'
(Font)                  U/euf/m/n --> U/euf/b/n on input line 106.
)
(/opt/homebrew/Cellar/texlive/20250308_1/share/texmf-dist/tex/latex/graphics/gr
aphicx.sty
Package: graphicx 2021/09/16 v1.2d Enhanced LaTeX Graphics (DPC,SPQR)

(/opt/homebrew/Cellar/texlive/20250308_1/share/texmf-dist/tex/latex/graphics/ke
yval.sty
Package: keyval 2022/05/29 v1.15 key=value parser (DPC)
\KV@toks@=\toks22
)
(/opt/homebrew/Cellar/texlive/20250308_1/share/texmf-dist/tex/latex/graphics/gr
aphics.sty
Package: graphics 2024/08/06 v1.4g Standard LaTeX Graphics (DPC,SPQR)

(/opt/homebrew/Cellar/texlive/20250308_1/share/texmf-dist/tex/latex/graphics/tr
ig.sty
Package: trig 2023/12/02 v1.11 sin cos tan (DPC)
)
(/opt/homebrew/Cellar/texlive/20250308_1/share/texmf-dist/tex/latex/graphics-cf
g/graphics.cfg
File: graphics.cfg 2016/06/04 v1.11 sample graphics configuration
)
Package graphics Info: Driver file: pdftex.def on input line 106.

(/opt/homebrew/Cellar/texlive/20250308_1/share/texmf-dist/tex/latex/graphics-de
f/pdftex.def
File: pdftex.def 2024/04/13 v1.2c Graphics/color driver for pdftex
))
\Gin@req@height=\dimen151
\Gin@req@width=\dimen152
)
(/opt/homebrew/Cellar/texlive/20250308_1/share/texmf-dist/tex/latex/base/latexs
ym.sty
Package: latexsym 1998/08/17 v2.2e Standard LaTeX package (lasy symbols)
\symlasy=\mathgroup6
LaTeX Font Info:    Overwriting symbol font `lasy' in version `bold'
(Font)                  U/lasy/m/n --> U/lasy/b/n on input line 52.
)
(/opt/homebrew/Cellar/texlive/20250308_1/share/texmf-dist/tex/latex/cite/overci
te.sty
Package: overcite 2003/05/27  v 4.0
)
(/opt/homebrew/Cellar/texlive/20250308_1/share/texmf-dist/tex/latex/cite/cite.s
ty
LaTeX Info: Redefining \cite on input line 302.
LaTeX Info: Redefining \nocite on input line 332.
Package: cite 2015/02/27  v 5.5
LaTeX Info: Redefining \cite on input line 441.
)
(/opt/homebrew/Cellar/texlive/20250308_1/share/texmf-dist/tex/latex/hyperref/hy
perref.sty
Package: hyperref 2024-11-05 v7.01l Hypertext links for LaTeX

(/opt/homebrew/Cellar/texlive/20250308_1/share/texmf-dist/tex/generic/iftex/ift
ex.sty
Package: iftex 2024/12/12 v1.0g TeX engine tests
)
(/opt/homebrew/Cellar/texlive/20250308_1/share/texmf-dist/tex/latex/kvsetkeys/k
vsetkeys.sty
Package: kvsetkeys 2022-10-05 v1.19 Key value parser (HO)
)
(/opt/homebrew/Cellar/texlive/20250308_1/share/texmf-dist/tex/generic/kvdefinek
eys/kvdefinekeys.sty
Package: kvdefinekeys 2019-12-19 v1.6 Define keys (HO)
)
(/opt/homebrew/Cellar/texlive/20250308_1/share/texmf-dist/tex/generic/pdfescape
/pdfescape.sty
Package: pdfescape 2019/12/09 v1.15 Implements pdfTeX's escape features (HO)

(/opt/homebrew/Cellar/texlive/20250308_1/share/texmf-dist/tex/generic/ltxcmds/l
txcmds.sty
Package: ltxcmds 2023-12-04 v1.26 LaTeX kernel commands for general use (HO)
)
(/opt/homebrew/Cellar/texlive/20250308_1/share/texmf-dist/tex/generic/pdftexcmd
s/pdftexcmds.sty
Package: pdftexcmds 2020-06-27 v0.33 Utility functions of pdfTeX for LuaTeX (HO
)

(/opt/homebrew/Cellar/texlive/20250308_1/share/texmf-dist/tex/generic/infwarerr
/infwarerr.sty
Package: infwarerr 2019/12/03 v1.5 Providing info/warning/error messages (HO)
)
Package pdftexcmds Info: \pdf@primitive is available.
Package pdftexcmds Info: \pdf@ifprimitive is available.
Package pdftexcmds Info: \pdfdraftmode found.
))
(/opt/homebrew/Cellar/texlive/20250308_1/share/texmf-dist/tex/latex/hycolor/hyc
olor.sty
Package: hycolor 2020-01-27 v1.10 Color options for hyperref/bookmark (HO)
)
(/opt/homebrew/Cellar/texlive/20250308_1/share/texmf-dist/tex/latex/hyperref/na
meref.sty
Package: nameref 2023-11-26 v2.56 Cross-referencing by name of section

(/opt/homebrew/Cellar/texlive/20250308_1/share/texmf-dist/tex/latex/refcount/re
fcount.sty
Package: refcount 2019/12/15 v3.6 Data extraction from label references (HO)
)
(/opt/homebrew/Cellar/texlive/20250308_1/share/texmf-dist/tex/generic/gettitles
tring/gettitlestring.sty
Package: gettitlestring 2019/12/15 v1.6 Cleanup title references (HO)

(/opt/homebrew/Cellar/texlive/20250308_1/share/texmf-dist/tex/latex/kvoptions/k
voptions.sty
Package: kvoptions 2022-06-15 v3.15 Key value format for package options (HO)
))
\c@section@level=\count283
)
(/opt/homebrew/Cellar/texlive/20250308_1/share/texmf-dist/tex/latex/etoolbox/et
oolbox.sty
Package: etoolbox 2025/02/11 v2.5l e-TeX tools for LaTeX (JAW)
\etb@tempcnta=\count284
)
(/opt/homebrew/Cellar/texlive/20250308_1/share/texmf-dist/tex/generic/stringenc
/stringenc.sty
Package: stringenc 2019/11/29 v1.12 Convert strings between diff. encodings (HO
)
)
\@linkdim=\dimen153
\Hy@linkcounter=\count285
\Hy@pagecounter=\count286

(/opt/homebrew/Cellar/texlive/20250308_1/share/texmf-dist/tex/latex/hyperref/pd
1enc.def
File: pd1enc.def 2024-11-05 v7.01l Hyperref: PDFDocEncoding definition (HO)
Now handling font encoding PD1 ...
... no UTF-8 mapping file for font encoding PD1
)
(/opt/homebrew/Cellar/texlive/20250308_1/share/texmf-dist/tex/generic/intcalc/i
ntcalc.sty
Package: intcalc 2019/12/15 v1.3 Expandable calculations with integers (HO)
)
\Hy@SavedSpaceFactor=\count287

(/opt/homebrew/Cellar/texlive/20250308_1/share/texmf-dist/tex/latex/hyperref/pu
enc.def
File: puenc.def 2024-11-05 v7.01l Hyperref: PDF Unicode definition (HO)
Now handling font encoding PU ...
... no UTF-8 mapping file for font encoding PU
)
Package hyperref Info: Option `colorlinks' set `true' on input line 4040.
Package hyperref Info: Option `bookmarksnumbered' set `true' on input line 4040
.
Package hyperref Info: Option `hyperindex' set `true' on input line 4040.
Package hyperref Info: Option `linktocpage' set `true' on input line 4040.
Package hyperref Info: Hyper figures OFF on input line 4157.
Package hyperref Info: Link nesting OFF on input line 4162.
Package hyperref Info: Hyper index ON on input line 4165.
Package hyperref Info: Plain pages OFF on input line 4172.
Package hyperref Info: Backreferencing OFF on input line 4177.
Package hyperref Info: Implicit mode ON; LaTeX internals redefined.
Package hyperref Info: Bookmarks ON on input line 4424.
\c@Hy@tempcnt=\count288

(/opt/homebrew/Cellar/texlive/20250308_1/share/texmf-dist/tex/latex/url/url.sty
\Urlmuskip=\muskip18
Package: url 2013/09/16  ver 3.4  Verb mode for urls, etc.
)
LaTeX Info: Redefining \url on input line 4763.
\XeTeXLinkMargin=\dimen154

(/opt/homebrew/Cellar/texlive/20250308_1/share/texmf-dist/tex/generic/bitset/bi
tset.sty
Package: bitset 2019/12/09 v1.3 Handle bit-vector datatype (HO)

(/opt/homebrew/Cellar/texlive/20250308_1/share/texmf-dist/tex/generic/bigintcal
c/bigintcalc.sty
Package: bigintcalc 2019/12/15 v1.5 Expandable calculations on big integers (HO
)
))
\Fld@menulength=\count289
\Field@Width=\dimen155
\Fld@charsize=\dimen156
Package hyperref Info: Hyper figures OFF on input line 6042.
Package hyperref Info: Link nesting OFF on input line 6047.
Package hyperref Info: Hyper index ON on input line 6050.
Package hyperref Info: backreferencing OFF on input line 6057.
Package hyperref Info: Link coloring ON on input line 6060.
Package hyperref Info: Link coloring with OCG OFF on input line 6067.
Package hyperref Info: PDF/A mode OFF on input line 6072.

(/opt/homebrew/Cellar/texlive/20250308_1/share/texmf-dist/tex/latex/base/atbegs
hi-ltx.sty
Package: atbegshi-ltx 2021/01/10 v1.0c Emulation of the original atbegshi
package with kernel methods
)
\Hy@abspage=\count290
\c@Item=\count291
\c@Hfootnote=\count292
)
Package hyperref Info: Driver (autodetected): hpdftex.

(/opt/homebrew/Cellar/texlive/20250308_1/share/texmf-dist/tex/latex/hyperref/hp
dftex.def
File: hpdftex.def 2024-11-05 v7.01l Hyperref driver for pdfTeX

(/opt/homebrew/Cellar/texlive/20250308_1/share/texmf-dist/tex/latex/base/atvery
end-ltx.sty
Package: atveryend-ltx 2020/08/19 v1.0a Emulation of the original atveryend pac
kage
with kernel methods
)
\Fld@listcount=\count293
\c@bookmark@seq@number=\count294

(/opt/homebrew/Cellar/texlive/20250308_1/share/texmf-dist/tex/latex/rerunfilech
eck/rerunfilecheck.sty
Package: rerunfilecheck 2022-07-10 v1.10 Rerun checks for auxiliary files (HO)

(/opt/homebrew/Cellar/texlive/20250308_1/share/texmf-dist/tex/generic/uniquecou
nter/uniquecounter.sty
Package: uniquecounter 2019/12/15 v1.4 Provide unlimited unique counter (HO)
)
Package uniquecounter Info: New unique counter `rerunfilecheck' on input line 2
85.
)
\Hy@SectionHShift=\skip54
)
(/opt/homebrew/Cellar/texlive/20250308_1/share/texmf-dist/tex/latex/l3backend/l
3backend-pdftex.def
File: l3backend-pdftex.def 2024-05-08 L3 backend support: PDF output (pdfTeX)
\l__color_backend_stack_int=\count295
\l__pdf_internal_box=\box54
) (./manual_51.aux)
\openout1 = `manual_51.aux'.

LaTeX Font Info:    Checking defaults for OML/cmm/m/it on input line 100.
LaTeX Font Info:    ... okay on input line 100.
LaTeX Font Info:    Checking defaults for OMS/cmsy/m/n on input line 100.
LaTeX Font Info:    ... okay on input line 100.
LaTeX Font Info:    Checking defaults for OT1/cmr/m/n on input line 100.
LaTeX Font Info:    ... okay on input line 100.
LaTeX Font Info:    Checking defaults for T1/cmr/m/n on input line 100.
LaTeX Font Info:    ... okay on input line 100.
LaTeX Font Info:    Checking defaults for TS1/cmr/m/n on input line 100.
LaTeX Font Info:    ... okay on input line 100.
LaTeX Font Info:    Checking defaults for OMX/cmex/m/n on input line 100.
LaTeX Font Info:    ... okay on input line 100.
LaTeX Font Info:    Checking defaults for U/cmr/m/n on input line 100.
LaTeX Font Info:    ... okay on input line 100.
LaTeX Font Info:    Checking defaults for PD1/pdf/m/n on input line 100.
LaTeX Font Info:    ... okay on input line 100.
LaTeX Font Info:    Checking defaults for PU/pdf/m/n on input line 100.
LaTeX Font Info:    ... okay on input line 100.

(/opt/homebrew/Cellar/texlive/20250308_1/share/texmf-dist/tex/context/base/mkii
/supp-pdf.mkii
[Loading MPS to PDF converter (version 2006.09.02).]
\scratchcounter=\count296
\scratchdimen=\dimen157
\scratchbox=\box55
\nofMPsegments=\count297
\nofMParguments=\count298
\everyMPshowfont=\toks23
\MPscratchCnt=\count299
\MPscratchDim=\dimen158
\MPnumerator=\count300
\makeMPintoPDFobject=\count301
\everyMPtoPDFconversion=\toks24
)
(/opt/homebrew/Cellar/texlive/20250308_1/share/texmf-dist/tex/latex/epstopdf-pk
g/epstopdf-base.sty
Package: epstopdf-base 2020-01-24 v2.11 Base part for package epstopdf
Package epstopdf-base Info: Redefining graphics rule for `.eps' on input line 4
85.

(/opt/homebrew/Cellar/texlive/20250308_1/share/texmf-dist/tex/latex/latexconfig
/epstopdf-sys.cfg
File: epstopdf-sys.cfg 2010/07/13 v1.3 Configuration of (r)epstopdf for TeX Liv
e
))
(/opt/homebrew/Cellar/texlive/20250308_1/share/texmf-dist/tex/latex/graphics/co
lor.sty
Package: color 2024/06/23 v1.3e Standard LaTeX Color (DPC)

(/opt/homebrew/Cellar/texlive/20250308_1/share/texmf-dist/tex/latex/graphics-cf
g/color.cfg
File: color.cfg 2016/01/02 v1.6 sample color configuration
)
Package color Info: Driver file: pdftex.def on input line 149.

(/opt/homebrew/Cellar/texlive/20250308_1/share/texmf-dist/tex/latex/graphics/ma
thcolor.ltx))
Package hyperref Info: Link coloring ON on input line 100.
 (./manual_51.out) (./manual_51.out)
\@outlinefile=\write3
\openout3 = `manual_51.out'.

LaTeX Font Info:    Trying to load font information for U+msa on input line 103
.

(/opt/homebrew/Cellar/texlive/20250308_1/share/texmf-dist/tex/latex/amsfonts/um
sa.fd
File: umsa.fd 2013/01/14 v3.01 AMS symbols A
)
LaTeX Font Info:    Trying to load font information for U+msb on input line 103
.

(/opt/homebrew/Cellar/texlive/20250308_1/share/texmf-dist/tex/latex/amsfonts/um
sb.fd
File: umsb.fd 2013/01/14 v3.01 AMS symbols B
)
LaTeX Font Info:    Trying to load font information for U+lasy on input line 10
3.

(/opt/homebrew/Cellar/texlive/20250308_1/share/texmf-dist/tex/latex/base/ulasy.
fd
File: ulasy.fd 1998/08/17 v2.2e LaTeX symbol font definitions
)

[1

{/opt/homebrew/Cellar/texlive/20250308_1/share/texmf-dist/fonts/map/pdftex/updm
ap/pdftex.map}] (./manual_51.toc

[1

]

[2])
\tf@toc=\write4
\openout4 = `manual_51.toc'.



[3] (./sect1.tex
Chapter 1.



pdfTeX warning (ext4): destination with the same identifier (name{page.1}) has 
been already used, duplicate ignored
<to be read again> 
                   \relax 
l.44 
      [1

]) (./sect2.tex

[2]
Chapter 2.


[3

]) (./sect4.tex

[4]

[5]
Chapter 3.
) (./sect5.tex

[6

]
Chapter 4.


[7

]

[8]

[9]

[10]) (./sect6.tex

[11]
Chapter 5.

Overfull \hbox (5.2986pt too wide) in paragraph at lines 14--18
[]\OT1/cmr/m/n/12 A start/title record which must have as the first four non-bl
ank char-ac-ters \OT1/cmr/m/sl/12 FEAPpv
 []



[12

]) (./sect7.tex

[13]) (./sect10.tex

[14]
<figs/fig7_1.pdf, id=530, 364.36125pt x 348.30125pt>
File: figs/fig7_1.pdf Graphic file (type pdf)
<use figs/fig7_1.pdf>
Package pdftex.def Info: figs/fig7_1.pdf  used on input line 22.
(pdftex.def)             Requested size: 115.63243pt x 110.53392pt.


[15 <./figs/fig7_1.pdf>]

[16]
<figs/fig7_2.pdf, id=546, 345.29pt x 354.32375pt>
File: figs/fig7_2.pdf Graphic file (type pdf)
<use figs/fig7_2.pdf>
Package pdftex.def Info: figs/fig7_2.pdf  used on input line 147.
(pdftex.def)             Requested size: 115.63243pt x 118.65729pt.


[17]

[18 <./figs/fig7_2.pdf>]

[19]
<figs/figb1.pdf, id=567, 318.18875pt x 211.79124pt>
File: figs/figb1.pdf Graphic file (type pdf)
<use figs/figb1.pdf>
Package pdftex.def Info: figs/figb1.pdf  used on input line 284.
(pdftex.def)             Requested size: 260.17244pt x 173.17226pt.


[20 <./figs/figb1.pdf>]

[21]
<figs/figb3a.pdf, id=589, 337.26pt x 197.73875pt>
File: figs/figb3a.pdf Graphic file (type pdf)
<use figs/figb3a.pdf>
Package pdftex.def Info: figs/figb3a.pdf  used on input line 412.
(pdftex.def)             Requested size: 180.67499pt x 105.9325pt.
<figs/figb3b.pdf, id=590, 337.26pt x 187.70125pt>
File: figs/figb3b.pdf Graphic file (type pdf)
<use figs/figb3b.pdf>
Package pdftex.def Info: figs/figb3b.pdf  used on input line 412.
(pdftex.def)             Requested size: 180.67499pt x 100.55522pt.
) (./sect9.tex

[22]

[23 <./figs/figb3a.pdf> <./figs/figb3b.pdf>]

[24]) (./sect8.tex

[25]) (./sect11.tex

[26]

[27]

[28]

[29]

[30]
LaTeX Font Info:    Font shape `U/lasy/b/n' in size <8> not available
(Font)              Font shape `U/lasy/m/n' tried instead on input line 259.
LaTeX Font Info:    Font shape `U/lasy/b/n' in size <6> not available
(Font)              Font shape `U/lasy/m/n' tried instead on input line 259.
) (./sect11p.tex

[31]) (./sect12.tex

[32]

[33]

[34
Non-PDF special ignored!
<special> em:linewidth 0.4pt
]) (./sect5il.tex

[35]

[36]
<figs/lp2blk.pdf, id=683, 337.26pt x 138.5175pt>
File: figs/lp2blk.pdf Graphic file (type pdf)
<use figs/lp2blk.pdf>
Package pdftex.def Info: figs/lp2blk.pdf  used on input line 111.
(pdftex.def)             Requested size: 387.11522pt x 158.99377pt.


[37 <./figs/lp2blk.pdf>]
<figs/wheel5.pdf, id=692, 337.26pt x 337.26pt>
File: figs/wheel5.pdf Graphic file (type pdf)
<use figs/wheel5.pdf>
Package pdftex.def Info: figs/wheel5.pdf  used on input line 171.
(pdftex.def)             Requested size: 252.94952pt x 252.94499pt.
<figs/wheelsg.pdf, id=696, 337.26pt x 243.91125pt>
File: figs/wheelsg.pdf Graphic file (type pdf)
<use figs/wheelsg.pdf>
Package pdftex.def Info: figs/wheelsg.pdf  used on input line 204.
(pdftex.def)             Requested size: 199.85652pt x 144.54pt.


[38 <./figs/wheel5.pdf>]

LaTeX Warning: Text page 39 contains only floats.



[39 <./figs/wheelsg.pdf>]) (./sect13a.tex

[40]
Chapter 6.


[41

]

[42]

[43]

[44]

[45]

[46]) (./sect13b.tex

[47]
Chapter 7.


[48

]

[49]

[50]

[51]

[52]

[53]

[54]

[55]

[56]

[57]

Package hyperref Warning: Token not allowed in a PDF string (Unicode):
(hyperref)                removing `\\' on input line 610.



[58]) (./sect14.tex

[59]

[60]
Chapter 8.
) (./sect15.tex

[61

]
Chapter 9.


[62

]) (./sect17a.tex

[63]
Chapter 10.


[64

]

[65]

[66]

[67]

[68]

[69]

[70]

[71]

[72]

[73]

[74]) (./sect17b.tex

[75]

[76]

[77]

[78]

[79]
Overfull \hbox (16.3579pt too wide) in paragraph at lines 231--231
[]\OT1/cmr/bx/n/17.28 Re-executing Com-mands: HIS-TORY Com-mand 
 []



[80]

[81]) (./sect18.tex

[82]
Chapter 11.


[83

]

[84]

[85]

[86]
<figs/fig4.pdf, id=1079, 342.27875pt x 359.3425pt>
File: figs/fig4.pdf Graphic file (type pdf)
<use figs/fig4.pdf>
Package pdftex.def Info: figs/fig4.pdf  used on input line 204.
(pdftex.def)             Requested size: 202.35622pt x 212.44888pt.
<figs/fig5.pdf, id=1082, 561.09625pt x 363.3575pt>
File: figs/fig5.pdf Graphic file (type pdf)
<use figs/fig5.pdf>
Package pdftex.def Info: figs/fig5.pdf  used on input line 226.
(pdftex.def)             Requested size: 346.89621pt x 224.64171pt.


[87 <./figs/fig4.pdf>]) (./manual_51.bbl

[88 <./figs/fig5.pdf>]

[89

]) (../lmesh/appenda.tex (../lmesh/feap_in.tex)

[90]
Appendix A.


[91

] (../lmesh/alfeap.tex

[92]

[93]) (../lmesh/starele.tex

[94]) (../lmesh/starnod.tex

[95]) (../lmesh/angl.tex
<../lmesh/angcor.pdf, id=1132, 494.84875pt x 384.43625pt>
File: ../lmesh/angcor.pdf Graphic file (type pdf)
<use ../lmesh/angcor.pdf>
Package pdftex.def Info: ../lmesh/angcor.pdf  used on input line 35.
(pdftex.def)             Requested size: 252.94499pt x 196.5057pt.


[96]

[97 <../lmesh/angcor.pdf>]) (../lmesh/blen.tex

[98]

[99]) (../lmesh/bloc.tex

[100]
<../lmesh/block.pdf, id=1172, 387.4475pt x 399.4925pt>
File: ../lmesh/block.pdf Graphic file (type pdf)
<use ../lmesh/block.pdf>
Package pdftex.def Info: ../lmesh/block.pdf  used on input line 69.
(pdftex.def)             Requested size: 224.03743pt x 231.00479pt.
<figs/blk3a.pdf, id=1175, 293.095pt x 346.29375pt>
File: figs/blk3a.pdf Graphic file (type pdf)
<use figs/blk3a.pdf>
Package pdftex.def Info: figs/blk3a.pdf  used on input line 133.
(pdftex.def)             Requested size: 224.03743pt x 264.6972pt.
<figs/blk3b.pdf, id=1176, 308.15125pt x 355.3275pt>
File: figs/blk3b.pdf Graphic file (type pdf)
<use figs/blk3b.pdf>
Package pdftex.def Info: figs/blk3b.pdf  used on input line 139.
(pdftex.def)             Requested size: 224.03743pt x 258.34048pt.
<figs/blk3c.pdf, id=1177, 293.095pt x 344.28625pt>
File: figs/blk3c.pdf Graphic file (type pdf)
<use figs/blk3c.pdf>
Package pdftex.def Info: figs/blk3c.pdf  used on input line 145.
(pdftex.def)             Requested size: 224.03743pt x 263.16272pt.
)

[101 <../lmesh/block.pdf>]

[102]

LaTeX Warning: Text page 103 contains only floats.



[103 <./figs/blk3a.pdf> <./figs/blk3b.pdf>]

[104 <./figs/blk3c.pdf>] (../lmesh/boun.tex

[105]

[106]) (../lmesh/btem.tex

[107]

[108]) (../lmesh/cang.tex
File: ../lmesh/angcor.pdf Graphic file (type pdf)
<use ../lmesh/angcor.pdf>
Package pdftex.def Info: ../lmesh/angcor.pdf  used on input line 36.
(pdftex.def)             Requested size: 252.94499pt x 196.5057pt.


[109]

[110]

[111]) (../lmesh/cbou.tex

[112]

[113]

[114]) (../lmesh/cdis.tex

[115]

[116]) (../lmesh/cfor.tex

[117]

[118]) (../lmesh/cpro.tex

[119]

[120]

[121]) (../lmesh/coor.tex

[122]) (../lmesh/csur.tex

[123]

[124]

[125]) (../lmesh/debu.tex

[126]) (../lmesh/disp.tex

[127]) (../lmesh/eang.tex

[128]) (../lmesh/ebou.tex

[129]) (../lmesh/edis.tex

[130]

[131]) (../lmesh/efor.tex

[132]

[133]) (../lmesh/elem.tex

[134]

[135]) (../lmesh/end.tex

[136]) (../lmesh/epro.tex

[137]) (../lmesh/ereg.tex

[138]) (../lmesh/forc.tex

[139]

[140]) (../lmesh/fpro.tex

[141]

[142]) (../lmesh/glob.tex

[143]) (../lmesh/incl.tex

[144]) (../lmesh/loop.tex

[145]) (../lmesh/manu.tex

[146]) (../lmesh/mate.tex

[147]

[148]) (../lmesh/next.tex

[149]) (../lmesh/nopa.tex

[150]) (../lmesh/nopr.tex

[151]) (../lmesh/para.tex

[152]

[153]) (../lmesh/pars.tex

[154]) (../lmesh/peri.tex

[155]

[156]) (../lmesh/pola.tex

[157]) (../lmesh/prin.tex

[158]) (../lmesh/regi.tex

[159]) (../lmesh/rese.tex

[160]) (../lmesh/shif.tex

[161]) (../lmesh/side.tex

[162]

[163]) (../lmesh/snod.tex

[164]) (../lmesh/temp.tex

[165]) (../lmesh/titl.tex

[166]) (../lmesh/tran.tex

[167]

[168])) (../lmani/appendb.tex
Appendix B.


[169

] (../lmani/link.tex

[170]

[171]) (../lmani/manu.tex

[172]) (../lmani/rema.tex

[173]) (../lmani/tie.tex

[174])) (../lmacr/appendc.tex
Appendix C.


[175

] (../lmacr/aamac.tex

[176]) (../lmacr/acce.tex

[177]) (../lmacr/arcl.tex

[178]) (../lmacr/augm.tex

[179]) (../lmacr/back.tex

[180]) (../lmacr/bfgs.tex

[181]) (../lmacr/chec.tex

[182]) (../lmacr/comm.tex

[183]) (../lmacr/damp.tex

[184]) (../lmacr/data.tex

[185]) (../lmacr/debu.tex

[186]) (../lmacr/dire.tex

[187]) (../lmacr/disp.tex

[188]) (../lmacr/dsol.tex

[189]) (../lmacr/dt.tex

[190]) (../lmacr/eige.tex

[191]) (../lmacr/eigv.tex

[192]) (../lmacr/else.tex

[193]) (../lmacr/end.tex

[194]) (../lmacr/endi.tex

[195]) (../lmacr/epri.tex

[196]) (../lmacr/exit.tex

[197]) (../lmacr/form.tex

[198]) (../lmacr/geom.tex

[199]) (../lmacr/help.tex

[200]) (../lmacr/hill.tex

[201]) (../lmacr/hist.tex

[202]

[203]) (../lmacr/iden.tex

[204]) (../lmacr/if.tex

[205]) (../lmacr/init.tex

[206]) (../lmacr/iter.tex

[207]) (../lmacr/loop.tex

[208]) (../lmacr/manu.tex

[209]) (../lmacr/mass.tex

[210]) (../lmacr/mesh.tex

[211]) (../lmacr/newf.tex

[212]) (../lmacr/next.tex

[213]) (../lmacr/nopr.tex

[214]) (../lmacr/opti.tex

[215]) (../lmacr/plot.tex

[216]) (../lmacr/prin.tex

[217]) (../lmacr/prop.tex

[218]

[219]) (../lmacr/quit.tex

[220]) (../lmacr/reac.tex

[221]

[222]) (../lmacr/read.tex

[223]) (../lmacr/rest.tex

[224]) (../lmacr/save.tex

[225]) (../lmacr/show.tex

[226]) (../lmacr/solv.tex

[227]) (../lmacr/stre.tex

[228]) (../lmacr/subs.tex

[229]) (../lmacr/tang.tex

[230]

[231]) (../lmacr/time.tex

[232]

[233]) (../lmacr/tol.tex

[234]

[235]) (../lmacr/tplo.tex

[236]

[237]) (../lmacr/tran.tex

[238]

[239]) (../lmacr/utan.tex

[240]) (../lmacr/velo.tex

[241]) (../lmacr/writ.tex

[242])) (../lplot/appendd.tex
Appendix D.


[243

] (../lplot/acce.tex

[244]) (../lplot/axis.tex

[245]) (../lplot/boun.tex

[246]) (../lplot/cart.tex

[247]) (../lplot/cent.tex

[248]) (../lplot/colo.tex

[249]) (../lplot/cont.tex

[250]) (../lplot/defa.tex

[251]) (../lplot/defo.tex

[252]) (../lplot/disp.tex

[253]) (../lplot/dofs.tex

[254]) (../lplot/eigv.tex

[255]) (../lplot/elem.tex

[256]) (../lplot/estr.tex

[257]) (../lplot/fact.tex

[258]) (../lplot/fill.tex

[259]) (../lplot/fram.tex

[260]) (../lplot/hide.tex

[261]) (../lplot/line.tex

[262]) (../lplot/load.tex

[263]) (../lplot/manu.tex

[264]) (../lplot/mate.tex

[265]) (../lplot/mesh.tex

[266]) (../lplot/node.tex

[267]) (../lplot/nora.tex

[268]) (../lplot/outl.tex

[269]) (../lplot/pers.tex

[270]) (../lplot/post.tex

[271]) (../lplot/prof.tex

[272]) (../lplot/prom.tex

[273]) (../lplot/pstr.tex

[274]) (../lplot/rang.tex

[275]) (../lplot/reac.tex

[276]) (../lplot/scal.tex

[277]) (../lplot/snod.tex

[278]) (../lplot/stre.tex

[279]) (../lplot/unde.tex

[280]) (../lplot/velo.tex

[281]) (../lplot/zoom.tex

[282])) (./manual_51.aux)
 ***********
LaTeX2e <2024-11-01> patch level 2
L3 programming layer <2025-01-18>
 ***********
Package rerunfilecheck Info: File `manual_51.out' has not changed.
(rerunfilecheck)             Checksum: 8A6DDBF5B629A11C3E4236B2A7C92361;15878.
 ) 
Here is how much of TeX's memory you used:
 11111 strings out of 473190
 168846 string characters out of 5704335
 572197 words of memory out of 5000000
 33122 multiletter control sequences out of 15000+600000
 575881 words of font info for 104 fonts, out of 8000000 for 9000
 1141 hyphenation exceptions out of 8191
 75i,10n,79p,406b,693s stack positions out of 10000i,1000n,20000p,200000b,200000s
</opt/homebrew/Cellar/texlive/20250308_1/share/texmf-dist/fonts/type1/public/
amsfonts/cm/cmbx12.pfb></opt/homebrew/Cellar/texlive/20250308_1/share/texmf-dis
t/fonts/type1/public/amsfonts/cm/cmex10.pfb></opt/homebrew/Cellar/texlive/20250
308_1/share/texmf-dist/fonts/type1/public/amsfonts/cm/cmmi12.pfb></opt/homebrew
/Cellar/texlive/20250308_1/share/texmf-dist/fonts/type1/public/amsfonts/cm/cmmi
8.pfb></opt/homebrew/Cellar/texlive/20250308_1/share/texmf-dist/fonts/type1/pub
lic/amsfonts/cm/cmmib10.pfb></opt/homebrew/Cellar/texlive/20250308_1/share/texm
f-dist/fonts/type1/public/amsfonts/cm/cmr10.pfb></opt/homebrew/Cellar/texlive/2
0250308_1/share/texmf-dist/fonts/type1/public/amsfonts/cm/cmr12.pfb></opt/homeb
rew/Cellar/texlive/20250308_1/share/texmf-dist/fonts/type1/public/amsfonts/cm/c
mr6.pfb></opt/homebrew/Cellar/texlive/20250308_1/share/texmf-dist/fonts/type1/p
ublic/amsfonts/cm/cmr7.pfb></opt/homebrew/Cellar/texlive/20250308_1/share/texmf
-dist/fonts/type1/public/amsfonts/cm/cmr8.pfb></opt/homebrew/Cellar/texlive/202
50308_1/share/texmf-dist/fonts/type1/public/amsfonts/cm/cmsl12.pfb></opt/homebr
ew/Cellar/texlive/20250308_1/share/texmf-dist/fonts/type1/public/amsfonts/cm/cm
sy10.pfb></opt/homebrew/Cellar/texlive/20250308_1/share/texmf-dist/fonts/type1/
public/amsfonts/cm/cmsy8.pfb></opt/homebrew/Cellar/texlive/20250308_1/share/tex
mf-dist/fonts/type1/public/amsfonts/cm/cmti12.pfb></opt/homebrew/Cellar/texlive
/20250308_1/share/texmf-dist/fonts/type1/public/amsfonts/cm/cmtt10.pfb></opt/ho
mebrew/Cellar/texlive/20250308_1/share/texmf-dist/fonts/type1/public/amsfonts/c
m/cmtt12.pfb></opt/homebrew/Cellar/texlive/20250308_1/share/texmf-dist/fonts/ty
pe1/public/amsfonts/latxfont/lcircle1.pfb></opt/homebrew/Cellar/texlive/2025030
8_1/share/texmf-dist/fonts/type1/public/amsfonts/latxfont/line10.pfb>
Output written on manual_51.pdf (286 pages, 699003 bytes).
PDF statistics:
 2220 PDF objects out of 2487 (max. 8388607)
 1862 compressed objects within 19 object streams
 601 named destinations out of 1000 (max. 500000)
 684 words of extra memory for PDF output out of 10000 (max. 10000000)

